// Jest Snapshot v1, https://goo.gl/fbAQLP

exports[`SideBar renders app heading when component loads 1`] = `
<a-layout-sider breakpoint="lg" collapsed-width="0" style="min-width: 300px; height: 100vh;">
  <p id="select-property-header"><span class="nav-text">MapBox Vue App</span></p>
  <p id="select-property-title"><span class="nav-text">To navigate,</span> <br> <span class="nav-text">select property from drop down</span></p>
  <a-menu theme="dark" mode="inline">
    <a-select placeholder="Select the property" style="width: 250px;"></a-select>
  </a-menu>
</a-layout-sider>
`;
